==============================================================================
testDemo6 :: To validate the login form                                       
==============================================================================
Validate Cards display on the Shopping Page                           | PASS |
------------------------------------------------------------------------------
testDemo6 :: To validate the login form                               | PASS |
1 test, 1 passed, 0 failed
==============================================================================
Output:  G:\RFproject\tests\pabot_results\1\output.xml
