==============================================================================
testDemo6 :: To validate the login form                                       
==============================================================================
Validate UnSuccessful Login                                           | PASS |
------------------------------------------------------------------------------
testDemo6 :: To validate the login form                               | PASS |
1 test, 1 passed, 0 failed
==============================================================================
Output:  G:\RFproject\tests\pabot_results\0\output.xml
