==============================================================================
testDemo6 :: To validate the login form                                       
==============================================================================
Select the Form abd navigate to Child window                          | PASS |
------------------------------------------------------------------------------
testDemo6 :: To validate the login form                               | PASS |
1 test, 1 passed, 0 failed
==============================================================================
Output:  G:\RFproject\tests\pabot_results\2\output.xml
